<html>
<body>
<pre>
<h1>µVision Build Log</h1>
<h2>Project:</h2>
C:\Keil\edx_embedded_course2\Labware\Lab12_TuningFork\Lab12.uvproj
Project File Date:  05/10/2021

<h2>Output:</h2>
Build target 'Lab12'
compiling TuningFork.c...
linking...
Program Size: Code=5324 RO-data=7336 RW-data=80 ZI-data=1752  
".\Lab12.axf" - 0 Error(s), 0 Warning(s).
</pre>
</body>
</html>
c(75): error:  #109: expression must have (pointer-to-) function type
        RCGCGPIO |= 0x01 //Enable clock for PORTA - found online 
TuningFork.c: 0 warnings, 2 errors
".\Lab12.axf" - 2 Error(s), 0 Warning(s).
Target not created
