<html>
<body>
<pre>
<h1>µVision Build Log</h1>
<h2>Project:</h2>
C:\Keil\edx_embedded_course2\Labware\Lab12_TuningFork\Lab12.uvproj
Project File Date:  03/12/2014

<h2>Output:</h2>
Build target 'Lab12'
compiling TuningFork.c...
linking...
Program Size: Code=5312 RO-data=7336 RW-data=80 ZI-data=1752  
".\Lab12.axf" - 0 Error(s), 0 Warning(s).
</pre>
</body>
</html>
ialize SysTick timer, every 1ms - changed from 16000
TuningFork.c: 1 warning, 0 errors
linking...
.\Lab12.axf: Error: L6218E: Undefined symbol SysTick_Init (referred from tuningfork.o).
Not enough information to list image symbols.
Finished: 1 information, 0 warning and 1 error messages.
".\Lab12.axf" - 1 Error(s), 1 Warning(s).
Target not created
