<html>
<body>
<pre>
<h1>µVision Build Log</h1>
<h2>Project:</h2>
C:\Keil\edx_embedded_course2\Labware\Lab11_UART\Lab11.uvproj
Project File Date:  04/08/2021

<h2>Output:</h2>
Build target 'Lab11'
compiling UART.c...
UART.c(149): warning:  #177-D: variable "i" was declared but never referenced
    unsigned int        i=0; //counter variable, start with 0
UART.c(150): warning:  #177-D: variable "cnt" was declared but never referenced
        unsigned int cnt=0; //number count
UART.c(151): warning:  #177-D: variable "j" was declared but never referenced
        unsigned int j=0; //intermediate n value
UART.c: 3 warnings, 0 errors
linking...
Program Size: Code=2896 RO-data=696 RW-data=44 ZI-data=1764  
".\Lab11.axf" - 0 Error(s), 3 Warning(s).
</pre>
</body>
</html>
 1 error
".\Lab11.axf" - 1 Error(s), 4 Warning(s).
Target not created
